********************************************************************************
   General Structure Analysis System-II Crystal Structure Refinement
              by Robert B. Von Dreele & Brian H. Toby
                Argonne National Laboratory(C), 2010
 This product includes software developed by the UChicago Argonne, LLC,
            as Operator of Argonne National Laboratory.
                          Please cite:
   B.H. Toby & R.B. Von Dreele, J. Appl. Cryst. 46, 544-549 (2013)
********************************************************************************
 Least squares controls:
 Refinement type: analytic Hessian
 Maximum number of cycles: 3
 Regularize hydrogens (if any): False
 Initial shift factor: 1.000

 Phases:

 Phase name: fef3_r3c_ambient
=======================================================================================================================================

 X-ray scattering factors:
   Symbol     fa                                      fb                                      fc
---------------------------------------------------------------------------------------------------
 Fe        11.76950   7.35730   3.52220   2.30450   4.76110   0.30720  15.35350  76.88050   1.03690
 F          3.53920   2.64120   1.51700   1.02430  10.28250   4.29440   0.26150  26.14760   0.27760

 Electron scattering factors:
   Symbol     fa                                                fb
---------------------------------------------------------------------------------------------------
 Fe         0.19290   0.82390   1.86890   2.36940   1.90600   0.10870   1.08060   4.76370  22.85000  76.73090
 F          0.03820   0.18220   0.59720   0.77070   0.21300   0.06130   0.57530   2.68580   8.82140  25.66680

 Neutron scattering factors:
   Symbol   isotope       mass       b       resonant terms
---------------------------------------------------------------------------------------------------
 Fe      Nat. Abund.     55.847    0.945
 F       Nat. Abund.     18.998    0.565

 Space Group: R -3 c
 The lattice is centrosymmetric R-centered trigonal
 The Laue symmetry is 3m1
 The lattice point group is -3m
 Multiplicity of a general site is 36
 The inversion center is located at 0,0,0
 
 The equivalent positions are:

 (0,0,0; 2/3,1/3,1/3; 1/3,2/3,2/3)+

 ( 1)     X,     Y,     Z 
 ( 2)    -Y,   X-Y,     Z 
 ( 3)   Y-X,    -X,     Z 
 ( 4)   Y-X,     Y, 1/2+Z 
 ( 5)    -Y,    -X, 1/2+Z 
 ( 6)     X,   X-Y, 1/2+Z 

 Atoms:
   name    type  refine?   x         y         z      frac site sym  mult I/A   Uiso     U11     U22     U33     U12     U13     U23
---------------------------------------------------------------------------------------------------------------------------------------
    Fe1     Fe          0.00000   0.00000   0.00000   1.000     -3    6    I 0.00241                                                
     F1      F          0.34410   0.00000   0.75000   1.000 2(100)   18    I 0.00380                                                

 Unit cell: a = 5.16134 b = 5.16134 c = 13.31821 alpha = 90.000 beta = 90.000 gamma = 120.000 volume = 307.257 Refine? True

 Phase: fef3_r3c_ambient in histogram: PWDR r3c 20.txt
=======================================================================================================================================
 Phase fraction  :      186.7 Refine? True
 Extinction coeff:     0.0000 Refine? False
 March-Dollase PO:     1.0261 Refine? True Axis: 0 0 1

 Size model    : isotropic equatorial:      12.976 Refine? True
	 LG mixing coeff.:       1.0000 Refine? False

 Mustrain model:  uniaxial equatorial:       389.2 Refine? True axial:      4341.7 Refine? True
	 LG mixing coeff.:      1.0000 Refine? False

 Hydrostatic/elastic strain:
 names :         D11         D33
 values:           0           0
 refine:       False       False

 Histogram: PWDR r3c 20.txt histogram Id: 0
=======================================================================================================================================
 Instrument type: Bragg-Brentano
 Histogram limits:    20.00 deg to    80.00 deg

 Sample Parameters:
 Goniometer omega = 0.00, chi = 0.00, phi = 0.00
 name  :         Scale         Shift  Transparency    SurfRoughA    SurfRoughB
 value :        1.0000        0.0000        0.0000        0.0000        0.0000
 refine:         False         False         False         False         False

 Instrument Parameters:
 name  :     Azimuth I(L2)/I(L1)        Lam1        Lam2    Polariz.        SH/L           U           V           W
 value :    0.000000    0.500000    1.540590    1.544420    0.911000    0.002000 3519.515989  264.687656 -195.520771
 refine:                   False                               False       False        True        True        True

 name  :           X           Y           Z        Zero
 value :    0.000000    0.000000    0.000000    0.000000
 refine:       False       False       False       False

 Background function: chebyschev-1 Refine? True
 Coefficients:  16697.732     8.389   304.884   -88.229    10.346    59.547
 Fixed background file: ; mult: 1.000  Refine? False

 Refinement results:
---------------------------------------------------------------------------------------------------------------------------------------
 Number of function calls: 13 No. of observations: 6001 No. of parameters: 16 User rejected: 0 Sp. gp. extinct: 0
 Refinement time =    0.689s,    0.172s/cycle, for 4 cycles
 wR =    6.28%, chi**2 =       410982, GOF =   8.29
----------------------------------------------------------------------------------------------------------------------------------
Parameters generated by constraints

 name  :          0::A0
 value :        0.05005
 sig   :        0.00001 

 Phases:
 Result for phase: fef3_r3c_ambient
=======================================================================================================================================
 Reciprocal metric tensor: 
  names :            A11            A22            A33            A12            A13            A23
  values:    0.050047524    0.050047524    0.005638843    0.050047524    0.000000000    0.000000000
  esds  :    0.000013131                   0.000002903                                             
 New unit cell:
  names :           a           b           c       alpha        beta       gamma      Volume
  values:    5.161525    5.161525   13.316957     90.0000     90.0000    120.0000     307.250
  esds  :    0.001129                0.003428                                           0.036

 Atoms:
   name      x         y         z      frac   Uiso     U11     U22     U33     U12     U13     U23
---------------------------------------------------------------------------------------------------------------------------------------
    Fe1     Fe:
 values:   0.00000   0.00000   0.00000   1.000 0.00241
 sig   :                                               
     F1      F:
 values:   0.34410   0.00000   0.75000   1.000 0.00380
 sig   :                                               

 Density: 3.6591 g/cm**3

 Phase: fef3_r3c_ambient in histogram: PWDR r3c 20.txt
=======================================================================================================================================
 Final refinement RF, RF^2 = 20.03%, 45.22% on 24 reflections
 Durbin-Watson statistic = 0.593
 Bragg intensity sum = 4.35e+06
 Phase fraction  :     193.04, sig     2.5577 Weight fraction  :  0.00000, sig    0.00000
 March-Dollase PO:     0.9976, sig     0.0150

 Size model:     isotropic equatorial:    10.00000, sig:1449768686357.3450 LG mix coeff.:      1.0000

 Mustrain model:  uniaxial
 equatorial:      4962.1, sig:  1464.1 axial:8276043130.2, sig:24271118826.7 LG mix coeff.:      1.0000

 Histogram: PWDR r3c 20.txt histogram Id: 0
=======================================================================================================================================
 PWDR histogram weight factor = 1.000
 Final refinement wR = 6.28% on 6001 observations in this histogram
 Other residuals: R = 4.37%, R-bkg = 9.06%, wR-bkg = 6.28% wRmin = 0.76%
 Instrument type: Bragg-Brentano

 Resonant form factors:(ref: D.T. Cromer & D.A. Liberman (1981), Acta Cryst. A37, 267-268.)
 Element:       Fe        F
 f'     :   -1.134    0.073
 f"     :    3.198    0.053

 Instrument Parameters:
 names : I(L2)/I(L1)    Polariz.        SH/L           U           V           W           X           Y           Z
 value :    0.500000    0.911000    0.002000 3551.062176  255.506149 -199.609492    0.000000    0.000000    0.000000
 sig   :                                     1248.432662  734.706735  103.768838                                    

 Instrument Parameters:
 names :        Zero
 value :    0.000000
 sig   :            

 Background function: chebyschev-1
 value :  1.668e+04     13.42       309    -94.91     11.21     46.72
 sig   :       9.97     30.23     27.05     26.24     23.02     22.97
 Background sums: empirical 9.95e+07, Debye 0, peaks 0, Total 9.95e+07
