********************************************************************************
   General Structure Analysis System-II Crystal Structure Refinement
              by Robert B. Von Dreele & Brian H. Toby
                Argonne National Laboratory(C), 2010
 This product includes software developed by the UChicago Argonne, LLC,
            as Operator of Argonne National Laboratory.
                          Please cite:
   B.H. Toby & R.B. Von Dreele, J. Appl. Cryst. 46, 544-549 (2013)
********************************************************************************
 Least squares controls:
 Refinement type: analytic Hessian
 Maximum number of cycles: 3
 Regularize hydrogens (if any): False
 Initial shift factor: 1.000

 Phases:

 Phase name: refined_phase_0_fef3_r3c_ambient
=======================================================================================================================================

 X-ray scattering factors:
   Symbol     fa                                      fb                                      fc
---------------------------------------------------------------------------------------------------
 Fe        11.76950   7.35730   3.52220   2.30450   4.76110   0.30720  15.35350  76.88050   1.03690
 F          3.53920   2.64120   1.51700   1.02430  10.28250   4.29440   0.26150  26.14760   0.27760

 Electron scattering factors:
   Symbol     fa                                                fb
---------------------------------------------------------------------------------------------------
 Fe         0.19290   0.82390   1.86890   2.36940   1.90600   0.10870   1.08060   4.76370  22.85000  76.73090
 F          0.03820   0.18220   0.59720   0.77070   0.21300   0.06130   0.57530   2.68580   8.82140  25.66680

 Neutron scattering factors:
   Symbol   isotope       mass       b       resonant terms
---------------------------------------------------------------------------------------------------
 Fe      Nat. Abund.     55.847    0.945
 F       Nat. Abund.     18.998    0.565

 Space Group: R -3 c
 The lattice is centrosymmetric R-centered trigonal
 The Laue symmetry is 3m1
 The lattice point group is -3m
 Multiplicity of a general site is 36
 The inversion center is located at 0,0,0
 
 The equivalent positions are:

 (0,0,0; 2/3,1/3,1/3; 1/3,2/3,2/3)+

 ( 1)     X,     Y,     Z 
 ( 2)    -Y,   X-Y,     Z 
 ( 3)   Y-X,    -X,     Z 
 ( 4)   Y-X,     Y, 1/2+Z 
 ( 5)    -Y,    -X, 1/2+Z 
 ( 6)     X,   X-Y, 1/2+Z 

 Atoms:
   name    type  refine?   x         y         z      frac site sym  mult I/A   Uiso     U11     U22     U33     U12     U13     U23
---------------------------------------------------------------------------------------------------------------------------------------
    Fe1     Fe          0.00000   0.00000   0.00000   1.000     -3    6    I 0.00240                                                
     F1      F          0.34410   0.00000   0.75000   1.000 2(100)   18    I 0.00380                                                

 Unit cell: a = 5.16176 b = 5.16176 c = 13.31660 alpha = 90.000 beta = 90.000 gamma = 120.000 volume = 307.270 Refine? False

 Phase name: refined_phase_0_refined_phase_0_refined_phase_0_fef3_r3c_ambient
=======================================================================================================================================

 X-ray scattering factors:
   Symbol     fa                                      fb                                      fc
---------------------------------------------------------------------------------------------------
 Fe        11.76950   7.35730   3.52220   2.30450   4.76110   0.30720  15.35350  76.88050   1.03690
 F          3.53920   2.64120   1.51700   1.02430  10.28250   4.29440   0.26150  26.14760   0.27760

 Electron scattering factors:
   Symbol     fa                                                fb
---------------------------------------------------------------------------------------------------
 Fe         0.19290   0.82390   1.86890   2.36940   1.90600   0.10870   1.08060   4.76370  22.85000  76.73090
 F          0.03820   0.18220   0.59720   0.77070   0.21300   0.06130   0.57530   2.68580   8.82140  25.66680

 Neutron scattering factors:
   Symbol   isotope       mass       b       resonant terms
---------------------------------------------------------------------------------------------------
 Fe      Nat. Abund.     55.847    0.945
 F       Nat. Abund.     18.998    0.565

 Space Group: R -3 c
 The lattice is centrosymmetric R-centered trigonal
 The Laue symmetry is 3m1
 The lattice point group is -3m
 Multiplicity of a general site is 36
 The inversion center is located at 0,0,0
 
 The equivalent positions are:

 (0,0,0; 2/3,1/3,1/3; 1/3,2/3,2/3)+

 ( 1)     X,     Y,     Z 
 ( 2)    -Y,   X-Y,     Z 
 ( 3)   Y-X,    -X,     Z 
 ( 4)   Y-X,     Y, 1/2+Z 
 ( 5)    -Y,    -X, 1/2+Z 
 ( 6)     X,   X-Y, 1/2+Z 

 Atoms:
   name    type  refine?   x         y         z      frac site sym  mult I/A   Uiso     U11     U22     U33     U12     U13     U23
---------------------------------------------------------------------------------------------------------------------------------------
    Fe1     Fe          0.00000   0.00000   0.00000   1.000     -3    6    I 0.00240                                                
     F1      F          0.34410   0.00000   0.75000   1.000 2(100)   18    I 0.00380                                                

 Unit cell: a = 5.16104 b = 5.16104 c = 13.31950 alpha = 90.000 beta = 90.000 gamma = 120.000 volume = 307.251 Refine? False

 Phase name: refined_phase_0_refined_phase_0_refined_phase_0_fef3_r3c_ambient_1
=======================================================================================================================================

 X-ray scattering factors:
   Symbol     fa                                      fb                                      fc
---------------------------------------------------------------------------------------------------
 Fe        11.76950   7.35730   3.52220   2.30450   4.76110   0.30720  15.35350  76.88050   1.03690
 F          3.53920   2.64120   1.51700   1.02430  10.28250   4.29440   0.26150  26.14760   0.27760

 Electron scattering factors:
   Symbol     fa                                                fb
---------------------------------------------------------------------------------------------------
 Fe         0.19290   0.82390   1.86890   2.36940   1.90600   0.10870   1.08060   4.76370  22.85000  76.73090
 F          0.03820   0.18220   0.59720   0.77070   0.21300   0.06130   0.57530   2.68580   8.82140  25.66680

 Neutron scattering factors:
   Symbol   isotope       mass       b       resonant terms
---------------------------------------------------------------------------------------------------
 Fe      Nat. Abund.     55.847    0.945
 F       Nat. Abund.     18.998    0.565

 Space Group: R -3 c
 The lattice is centrosymmetric R-centered trigonal
 The Laue symmetry is 3m1
 The lattice point group is -3m
 Multiplicity of a general site is 36
 The inversion center is located at 0,0,0
 
 The equivalent positions are:

 (0,0,0; 2/3,1/3,1/3; 1/3,2/3,2/3)+

 ( 1)     X,     Y,     Z 
 ( 2)    -Y,   X-Y,     Z 
 ( 3)   Y-X,    -X,     Z 
 ( 4)   Y-X,     Y, 1/2+Z 
 ( 5)    -Y,    -X, 1/2+Z 
 ( 6)     X,   X-Y, 1/2+Z 

 Atoms:
   name    type  refine?   x         y         z      frac site sym  mult I/A   Uiso     U11     U22     U33     U12     U13     U23
---------------------------------------------------------------------------------------------------------------------------------------
    Fe1     Fe          0.00000   0.00000   0.00000   1.000     -3    6    I 0.00240                                                
     F1      F          0.34410   0.00000   0.75000   1.000 2(100)   18    I 0.00380                                                

 Unit cell: a = 5.16129 b = 5.16129 c = 13.31870 alpha = 90.000 beta = 90.000 gamma = 120.000 volume = 307.262 Refine? False

 Phase: refined_phase_0_fef3_r3c_ambient in histogram: PWDR r3c 20.txt
=======================================================================================================================================
 Phase fraction  :      192.5 Refine? True
 Extinction coeff:    -0.2548 Refine? True
 March-Dollase PO:     1.0000 Refine? True Axis: 1 1 1

 Size model    : isotropic equatorial:      10.000 Refine? True
	 LG mixing coeff.:       1.0000 Refine? False

 Mustrain model: isotropic equatorial:      1000.0 Refine? False
	 LG mixing coeff.:      1.0000 Refine? False

 Hydrostatic/elastic strain:
 names :         D11         D33
 values:           0           0
 refine:       False       False

 Phase: refined_phase_0_refined_phase_0_refined_phase_0_fef3_r3c_ambient in histogram: PWDR r3c 20.txt
=======================================================================================================================================
 Phase fraction  :      1e-12 Refine? True
 Extinction coeff:     0.0000 Refine? True
 March-Dollase PO:     1.0000 Refine? True Axis: 1 1 1

 Size model    : isotropic equatorial:      10.000 Refine? True
	 LG mixing coeff.:       1.0000 Refine? False

 Mustrain model: isotropic equatorial:      1000.0 Refine? False
	 LG mixing coeff.:      1.0000 Refine? False

 Hydrostatic/elastic strain:
 names :         D11         D33
 values:           0           0
 refine:       False       False

 Phase: refined_phase_0_refined_phase_0_refined_phase_0_fef3_r3c_ambient_1 in histogram: PWDR r3c 20.txt
=======================================================================================================================================
 Phase fraction  :      1e-12 Refine? True
 Extinction coeff:     0.0000 Refine? True
 March-Dollase PO:     1.0000 Refine? True Axis: 1 1 1

 Size model    : isotropic equatorial:      10.000 Refine? True
	 LG mixing coeff.:       1.0000 Refine? False

 Mustrain model: isotropic equatorial:      1000.0 Refine? False
	 LG mixing coeff.:      1.0000 Refine? False

 Hydrostatic/elastic strain:
 names :         D11         D33
 values:           0           0
 refine:       False       False

 Histogram: PWDR r3c 20.txt histogram Id: 0
=======================================================================================================================================
 Instrument type: Bragg-Brentano
 Histogram limits:     5.00 deg to    80.00 deg

 Sample Parameters:
 Goniometer omega = 0.00, chi = 0.00, phi = 0.00
 name  :         Scale         Shift  Transparency    SurfRoughA    SurfRoughB
 value :        1.0000        0.0000        0.0000        0.0000        0.0000
 refine:         False         False         False         False         False

 Instrument Parameters:
 name  :     Azimuth I(L2)/I(L1)        Lam1        Lam2    Polariz.        SH/L           U           V           W
 value :    0.000000    0.500000    1.540590    1.544420    0.911000    0.002000 -785.281477 2861.958134 -521.749136
 refine:                   False                               False       False        True        True        True

 name  :           X           Y           Z        Zero
 value :    0.000000    0.000000    0.000000    0.000000
 refine:       False       False       False       False

 Background function: chebyschev-1 Refine? True
 Coefficients:  15438.018  2549.653 -1988.706  1772.613 -1153.850   631.984
 Fixed background file: ; mult: 1.000  Refine? False

 Refinement results:
---------------------------------------------------------------------------------------------------------------------------------------
