********************************************************************************
   General Structure Analysis System-II Crystal Structure Refinement
              by Robert B. Von Dreele & Brian H. Toby
                Argonne National Laboratory(C), 2010
 This product includes software developed by the UChicago Argonne, LLC,
            as Operator of Argonne National Laboratory.
                          Please cite:
   B.H. Toby & R.B. Von Dreele, J. Appl. Cryst. 46, 544-549 (2013)
********************************************************************************
 Least squares controls:
 Refinement type: analytic Hessian
 Maximum number of cycles: 3
 Regularize hydrogens (if any): False
 Initial shift factor: 1.000

 Phases:

 Phase name: fef3_r3c_ambient
=======================================================================================================================================

 X-ray scattering factors:
   Symbol     fa                                      fb                                      fc
---------------------------------------------------------------------------------------------------
 Fe        11.76950   7.35730   3.52220   2.30450   4.76110   0.30720  15.35350  76.88050   1.03690
 F          3.53920   2.64120   1.51700   1.02430  10.28250   4.29440   0.26150  26.14760   0.27760

 Electron scattering factors:
   Symbol     fa                                                fb
---------------------------------------------------------------------------------------------------
 Fe         0.19290   0.82390   1.86890   2.36940   1.90600   0.10870   1.08060   4.76370  22.85000  76.73090
 F          0.03820   0.18220   0.59720   0.77070   0.21300   0.06130   0.57530   2.68580   8.82140  25.66680

 Neutron scattering factors:
   Symbol   isotope       mass       b       resonant terms
---------------------------------------------------------------------------------------------------
 Fe      Nat. Abund.     55.847    0.945
 F       Nat. Abund.     18.998    0.565

 Space Group: R -3 c
 The lattice is centrosymmetric R-centered trigonal
 The Laue symmetry is 3m1
 The lattice point group is -3m
 Multiplicity of a general site is 36
 The inversion center is located at 0,0,0
 
 The equivalent positions are:

 (0,0,0; 2/3,1/3,1/3; 1/3,2/3,2/3)+

 ( 1)     X,     Y,     Z 
 ( 2)    -Y,   X-Y,     Z 
 ( 3)   Y-X,    -X,     Z 
 ( 4)   Y-X,     Y, 1/2+Z 
 ( 5)    -Y,    -X, 1/2+Z 
 ( 6)     X,   X-Y, 1/2+Z 

 Atoms:
   name    type  refine?   x         y         z      frac site sym  mult I/A   Uiso     U11     U22     U33     U12     U13     U23
---------------------------------------------------------------------------------------------------------------------------------------
    Fe1     Fe     XU   0.00000   0.00000   0.00000   1.000     -3    6    I 0.00241                                                
     F1      F     XU   0.34410   0.00000   0.75000   1.000 2(100)   18    I 0.00380                                                

 Unit cell: a = 5.16176 b = 5.16176 c = 13.31660 alpha = 90.000 beta = 90.000 gamma = 120.000 volume = 307.270 Refine? True

 Phase: fef3_r3c_ambient in histogram: PWDR r3c 20.txt
=======================================================================================================================================
 Phase fraction  :      175.5 Refine? True
 Extinction coeff:     0.0000 Refine? False
 March-Dollase PO:     1.0000 Refine? False Axis: 0 0 1

 Size model    : isotropic equatorial:       5.543 Refine? True
	 LG mixing coeff.:       1.0000 Refine? False

 Mustrain model:  uniaxial equatorial:      1944.9 Refine? True axial:      6528.3 Refine? True
	 LG mixing coeff.:      1.0000 Refine? False

 Hydrostatic/elastic strain:
 names :         D11         D33
 values:           0           0
 refine:       False       False

 Histogram: PWDR r3c 20.txt histogram Id: 0
=======================================================================================================================================
 Instrument type: Bragg-Brentano
 Histogram limits:     5.00 deg to    80.00 deg

 Sample Parameters:
 Goniometer omega = 0.00, chi = 0.00, phi = 0.00
 name  :         Scale         Shift  Transparency    SurfRoughA    SurfRoughB
 value :        1.0000        0.0000        0.0000        0.0000        0.0000
 refine:         False         False         False         False         False

 Instrument Parameters:
 name  :     Azimuth I(L2)/I(L1)        Lam1        Lam2    Polariz.        SH/L           U           V           W
 value :    0.000000    0.500000    1.540590    1.544420    0.911000    0.002000 3396.163723  271.674962 -180.808695
 refine:                   False                               False       False        True        True        True

 name  :           X           Y           Z        Zero
 value :    0.000000    0.000000    0.000000    0.000000
 refine:       False       False       False       False

 Background function: chebyschev-1 Refine? True
 Coefficients:  15409.174  2562.541 -1940.893  1771.300 -1121.969   629.899
 Fixed background file: ; mult: 1.000  Refine? False

 Refinement results:
---------------------------------------------------------------------------------------------------------------------------------------
 Number of function calls: 12 No. of observations: 7501 No. of parameters: 18 User rejected: 0 Sp. gp. extinct: 0
 Refinement time =    1.068s,    0.356s/cycle, for 3 cycles
 wR =    5.16%, chi**2 =       333435, GOF =   6.68
----------------------------------------------------------------------------------------------------------------------------------
Parameters generated by constraints

 name  :          0::A0
 value :        0.05007
 sig   :        0.00001 

 Phases:
 Result for phase: fef3_r3c_ambient
=======================================================================================================================================
 Reciprocal metric tensor: 
  names :            A11            A22            A33            A12            A13            A23
  values:    0.050068968    0.050068968    0.005636360    0.050068968    0.000000000    0.000000000
  esds  :    0.000013085                   0.000003168                                             
 New unit cell:
  names :           a           b           c       alpha        beta       gamma      Volume
  values:    5.160420    5.160420   13.319890     90.0000     90.0000    120.0000     307.186
  esds  :    0.001124                0.003744                                           0.019

 Atoms:
   name      x         y         z      frac   Uiso     U11     U22     U33     U12     U13     U23
---------------------------------------------------------------------------------------------------------------------------------------
    Fe1     Fe:
 values:   0.00000   0.00000   0.00000   1.000 0.03548
 sig   :                                       0.00346 
     F1      F:
 values:   0.40191   0.00000   0.75000   1.000 0.02625
 sig   :   0.00162                             0.00396 

 Density: 3.6599 g/cm**3

 Phase: fef3_r3c_ambient in histogram: PWDR r3c 20.txt
=======================================================================================================================================
 Final refinement RF, RF^2 = 26.08%, 40.91% on 24 reflections
 Durbin-Watson statistic = 0.600
 Bragg intensity sum = 3.44e+06
 Phase fraction  :     192.74, sig     3.0148 Weight fraction  :  0.00000, sig    0.00000

 Size model:     isotropic equatorial:     0.00100, sig:230897189751.4299 LG mix coeff.:      1.0000

 Mustrain model:  uniaxial
 equatorial:     -2767.6, sig:  1352.4 axial:  -2210617.0, sig:767219026.2 LG mix coeff.:      1.0000

 Histogram: PWDR r3c 20.txt histogram Id: 0
=======================================================================================================================================
 PWDR histogram weight factor = 1.000
 Final refinement wR = 6.39% on 7501 observations in this histogram
 Other residuals: R = 4.15%, R-bkg = 11.68%, wR-bkg = 6.39% wRmin = 0.77%
 Instrument type: Bragg-Brentano

 Resonant form factors:(ref: D.T. Cromer & D.A. Liberman (1981), Acta Cryst. A37, 267-268.)
 Element:       Fe        F
 f'     :   -1.134    0.073
 f"     :    3.198    0.053

 Instrument Parameters:
 names : I(L2)/I(L1)    Polariz.        SH/L           U           V           W           X           Y           Z
 value :    0.500000    0.911000    0.002000  503.232625 1561.517255 -338.650688    0.000000    0.000000    0.000000
 sig   :                                      982.332990  640.242564   93.939542                                    

 Instrument Parameters:
 names :        Zero
 value :    0.000000
 sig   :            

 Background function: chebyschev-1
 value :  1.549e+04      2653     -1989      1690     -1055     649.3
 sig   :      26.14     21.89      53.3     18.97     37.74     16.63
 Background sums: empirical 1.22e+08, Debye 0, peaks 0, Total 1.22e+08
